******************************************************************************
        TMS320C2000 COFF Linker PC v4.1.3                      
******************************************************************************
>> Linked Wed Apr 15 18:14:11 2020

OUTPUT FILE NAME:   <./Debug/ScanAxisMon.out>
ENTRY POINT SYMBOL: "_c_int00"  address: 003d8000


MEMORY CONFIGURATION

                  name            origin    length      used    attr    fill
         ----------------------  --------  ---------  --------  ----  --------
PAGE  0: ZONE0                   00002000   00002000  00000000  RWIX
         ZONE1                   00004000   00002000  00000000  RWIX
         RAML0                   00008000   00001000  000004c3  RWIX
         ZONE2                   00080000   00080000  00000000  RWIX
         ZONE6                   00100000   00080000  00000000  RWIX
         OTP                     003d7800   00000800  00000000  RWIX
         FLASH                   003d8000   0001fb80  00003745  RWIX
         FLASH_DATA              003f7b80   00000400  00000000  RWIX
         CSM_RSVD                003f7f80   00000076  00000000  RWIX
         BEGIN                   003f7ff6   00000002  00000002  RWIX
         CSM_PWL                 003f7ff8   00000008  00000000  RWIX
         PRAMH0                  003f8000   00002000  00000000  RWIX
         BOOTROM                 003ff000   00000fc0  00000000  RWIX
         RESET                   003fffc0   00000002  00000000  RWIX
         VECTORS                 003fffc2   0000003e  00000000  RWIX

PAGE  1: DRAMM                   00000000   00000800  00000200  RWIX
         DEV_EMU                 00000880   00000180  000000d2  RWIX
         FLASH_REGS              00000a80   00000060  00000008  RWIX
         CSM                     00000ae0   00000010  00000010  RWIX
         XINTF                   00000b20   00000020  00000020  RWIX
         CPU_TIMER0              00000c00   00000008  00000008  RWIX
         PIE_CTRL                00000ce0   00000020  0000001a  RWIX
         PIE_VECT                00000d00   00000100  00000100  RWIX
         ECANA                   00006000   00000040  00000034  RWIX
         ECANA_LAM               00006040   00000040  00000040  RWIX
         ECANA_MOTS              00006080   00000040  00000040  RWIX
         ECANA_MOTO              000060c0   00000040  00000040  RWIX
         ECANA_MBOX              00006100   00000100  00000100  RWIX
         SYSTEM                  00007010   00000020  00000020  RWIX
         SPIA                    00007040   00000010  00000010  RWIX
         SCIA                    00007050   00000010  00000010  RWIX
         XINTRUPT                00007070   00000010  00000010  RWIX
         GPIOMUX                 000070c0   00000020  00000020  RWIX
         GPIODAT                 000070e0   00000020  00000020  RWIX
         ADC                     00007100   00000020  0000001a  RWIX
         EVA                     00007400   00000040  00000032  RWIX
         EVB                     00007500   00000040  00000032  RWIX
         SCIB                    00007750   00000010  00000010  RWIX
         MCBSPA                  00007800   00000040  00000025  RWIX
         RAML1                   00009000   00001000  000002f5  RWIX


SECTION ALLOCATION MAP

 output                                  attributes/
section   page    origin      length       input sections
--------  ----  ----------  ----------   ----------------
.pinit     0    003d8000    00000000     UNINITIALIZED

IQmath     0    003d8000    00000000     UNINITIALIZED

.text      0    003d8000    00002fb1     
                  003d8000    00000044     rts2800_ml.LIB : boot.obj (.text)
                  003d8044    0000004a                    : exit.obj (.text)
                  003d808e    00000009                    : _lock.obj (.text)
                  003d8097    00000014                    : args_main.obj (.text)
                  003d80ab    00000008     DSP281x_CodeStartBranch.obj (.text)
                  003d80b3    0000004b     DSP281x_CpuTimers.obj (.text)
                  003d80fe    00000113     DSP281x_DefaultIsr.obj (.text)
                  003d8211    0000000d     DSP281x_Gpio.obj (.text)
                  003d821e    00000015     DSP281x_MemCopy.obj (.text)
                  003d8233    00000028     DSP281x_PieCtrl.obj (.text)
                  003d825b    00000020     DSP281x_PieVect.obj (.text)
                  003d827b    00000001     DSP281x_Sci.obj (.text)
                  003d827c    0000005c     DSP281x_SysCtrl.obj (.text)
                  003d82d8    00000001     DSP281x_XIntrupt.obj (.text)
                  003d82d9    000019ae     Main.obj (.text)
                  003d9c87    0000008f     rts2800_ml.LIB : cos.obj (.text)
                  003d9d16    00000078                    : fs_add.obj (.text)
                  003d9d8e    00000017                    : fs_cmp.obj (.text)
                  003d9da5    00000083                    : fs_div.obj (.text)
                  003d9e28    0000005a                    : fs_mpy.obj (.text)
                  003d9e82    00000005                    : fs_neg.obj (.text)
                  003d9e87    00000025                    : fs_toi.obj (.text)
                  003d9eac    00000029                    : fs_tol.obj (.text)
                  003d9ed5    00000022                    : i_div.obj (.text)
                  003d9ef7    0000001a                    : i_tofs.obj (.text)
                  003d9f11    0000002a                    : l_div.obj (.text)
                  003d9f3b    00000041                    : memcpy.obj (.text)
                  003d9f7c    00000084                    : pow.obj (.text)
                  003da000    0000008f                    : sin.obj (.text)
                  003da08f    0000000b                    : u_div.obj (.text)
                  003da09a    00000010                    : u_tofs.obj (.text)
                  003da0aa    0000008d                    : _log.obj (.text)
                  003da137    0000009e                    : exp.obj (.text)
                  003da1d5    00000013                    : frexp.obj (.text)
                  003da1e8    00000030                    : ldexp.obj (.text)
                  003da218    000000c3     LIB28X.LIB : adc2811.obj (.text)
                  003da2db    00000426                : debug_28x.obj (.text)
                  003da701    0000001e                : delay28x.obj (.text)
                  003da71f    00000257                : eep2811.obj (.text)
                  003da976    00000348                : scib28x.obj (.text)
                  003dacbe    000002f3                : lcd2811.obj (.text)

ramfuncs   0    003dafb1    000004c3     RUN ADDR = 00008000
                  003dafb1    00000017     DSP281x_SysCtrl.obj (ramfuncs)
                  003dafc8    000004ac     Main.obj (ramfuncs)

.econst    0    003db474    00000212     
                  003db474    00000108     Main.obj (.econst)
                  003db57c    00000100     DSP281x_PieVect.obj (.econst)
                  003db67c    0000000a     LIB28X.LIB : debug_28x.obj (.econst)

.cinit     0    003db686    00000083     
                  003db686    0000000e     rts2800_ml.LIB : exit.obj (.cinit)
                  003db694    0000000a                    : _lock.obj (.cinit)
                  003db69e    00000028     Main.obj (.cinit)
                  003db6c6    00000004     rts2800_ml.LIB : errno.obj (.cinit)
                  003db6ca    0000002a     LIB28X.LIB : debug_28x.obj (.cinit)
                  003db6f4    00000004                : eep2811.obj (.cinit)
                  003db6f8    00000010                : scib28x.obj (.cinit)
                  003db708    00000001     --HOLE-- [fill = 0]

.switch    0    003db70a    0000003c     
                  003db70a    0000003c     Main.obj (.switch)

Flash_Data 
*          0    003f7b80    00000000     UNINITIALIZED

csm_rsvd   0    003f7f80    00000000     UNINITIALIZED

codestart 
*          0    003f7ff6    00000002     
                  003f7ff6    00000002     DSP281x_CodeStartBranch.obj (codestart)

csmpasswds 
*          0    003f7ff8    00000000     UNINITIALIZED

IQmathTables 
*          0    003ff000    00000000     NOLOAD SECTION

.reset     0    003fffc0    00000002     DSECT
                  003fffc0    00000002     rts2800_ml.LIB : boot.obj (.reset)

vectors    0    003fffc2    00000000     DSECT

.data      1    00000000    00000000     UNINITIALIZED

.bss       1    00000000    00000000     UNINITIALIZED

.stack     1    00000000    00000200     UNINITIALIZED

DevEmuRegsFile 
*          1    00000880    000000d2     UNINITIALIZED
                  00000880    000000d2     DSP281x_GlobalVariableDefs.obj (DevEmuRegsFile)

FlashRegsFile 
*          1    00000a80    00000008     UNINITIALIZED
                  00000a80    00000008     DSP281x_GlobalVariableDefs.obj (FlashRegsFile)

CsmRegsFile 
*          1    00000ae0    00000010     UNINITIALIZED
                  00000ae0    00000010     DSP281x_GlobalVariableDefs.obj (CsmRegsFile)

XintfRegsFile 
*          1    00000b20    00000020     UNINITIALIZED
                  00000b20    00000020     DSP281x_GlobalVariableDefs.obj (XintfRegsFile)

CpuTimer0RegsFile 
*          1    00000c00    00000008     UNINITIALIZED
                  00000c00    00000008     DSP281x_GlobalVariableDefs.obj (CpuTimer0RegsFile)

PieCtrlRegsFile 
*          1    00000ce0    0000001a     UNINITIALIZED
                  00000ce0    0000001a     DSP281x_GlobalVariableDefs.obj (PieCtrlRegsFile)

PieVectTable 
*          1    00000d00    00000000     UNINITIALIZED

PieVectTableFile 
*          1    00000d00    00000100     UNINITIALIZED
                  00000d00    00000100     DSP281x_GlobalVariableDefs.obj (PieVectTableFile)

ECanaRegsFile 
*          1    00006000    00000034     UNINITIALIZED
                  00006000    00000034     DSP281x_GlobalVariableDefs.obj (ECanaRegsFile)

ECanaLAMRegsFile 
*          1    00006040    00000040     UNINITIALIZED
                  00006040    00000040     DSP281x_GlobalVariableDefs.obj (ECanaLAMRegsFile)

ECanaMOTSRegsFile 
*          1    00006080    00000040     UNINITIALIZED
                  00006080    00000040     DSP281x_GlobalVariableDefs.obj (ECanaMOTSRegsFile)

ECanaMOTORegsFile 
*          1    000060c0    00000040     UNINITIALIZED
                  000060c0    00000040     DSP281x_GlobalVariableDefs.obj (ECanaMOTORegsFile)

ECanaMboxesFile 
*          1    00006100    00000100     UNINITIALIZED
                  00006100    00000100     DSP281x_GlobalVariableDefs.obj (ECanaMboxesFile)

SysCtrlRegsFile 
*          1    00007010    00000020     UNINITIALIZED
                  00007010    00000020     DSP281x_GlobalVariableDefs.obj (SysCtrlRegsFile)

SpiaRegsFile 
*          1    00007040    00000010     UNINITIALIZED
                  00007040    00000010     DSP281x_GlobalVariableDefs.obj (SpiaRegsFile)

SciaRegsFile 
*          1    00007050    00000010     UNINITIALIZED
                  00007050    00000010     DSP281x_GlobalVariableDefs.obj (SciaRegsFile)

XIntruptRegsFile 
*          1    00007070    00000010     UNINITIALIZED
                  00007070    00000010     DSP281x_GlobalVariableDefs.obj (XIntruptRegsFile)

GpioMuxRegsFile 
*          1    000070c0    00000020     UNINITIALIZED
                  000070c0    00000020     DSP281x_GlobalVariableDefs.obj (GpioMuxRegsFile)

GpioDataRegsFile 
*          1    000070e0    00000020     UNINITIALIZED
                  000070e0    00000020     DSP281x_GlobalVariableDefs.obj (GpioDataRegsFile)

AdcRegsFile 
*          1    00007100    0000001a     UNINITIALIZED
                  00007100    0000001a     DSP281x_GlobalVariableDefs.obj (AdcRegsFile)

EvaRegsFile 
*          1    00007400    00000032     UNINITIALIZED
                  00007400    00000032     DSP281x_GlobalVariableDefs.obj (EvaRegsFile)

EvbRegsFile 
*          1    00007500    00000032     UNINITIALIZED
                  00007500    00000032     DSP281x_GlobalVariableDefs.obj (EvbRegsFile)

ScibRegsFile 
*          1    00007750    00000010     UNINITIALIZED
                  00007750    00000010     DSP281x_GlobalVariableDefs.obj (ScibRegsFile)

McbspaRegsFile 
*          1    00007800    00000025     UNINITIALIZED
                  00007800    00000025     DSP281x_GlobalVariableDefs.obj (McbspaRegsFile)

.esysmem   1    00009000    00000000     UNINITIALIZED

.ebss      1    00009000    000002f5     UNINITIALIZED
                  00009000    0000009d     Main.obj (.ebss)
                  0000909d    00000001     rts2800_ml.LIB : errno.obj (.ebss)
                  0000909e    00000008     DSP281x_CpuTimers.obj (.ebss)
                  000090a6    00000004     rts2800_ml.LIB : _lock.obj (.ebss)
                  000090aa    00000011     LIB28X.LIB : eep2811.obj (.ebss)
                  000090c0    00000080     rts2800_ml.LIB : exit.obj (.ebss)
                  00009140    00000073     LIB28X.LIB : debug_28x.obj (.ebss)
                  000091c0    00000125                : scib28x.obj (.ebss)
                  000092e5    00000010                : adc2811.obj (.ebss)


GLOBAL SYMBOLS: SORTED ALPHABETICALLY BY Name 

address    name
--------   ----
00000000   .bss
00000000   .data
003d8000   .text
003d806a   C$$EXIT
003d9d1b   FS$$ADD
003d9d8e   FS$$CMP
003d9da5   FS$$DIV
003d9e28   FS$$MPY
003d9e82   FS$$NEG
003d9d16   FS$$SUB
003d9e87   FS$$TOI
003d9eac   FS$$TOL
003d9ed5   I$$DIV
003d9ee6   I$$MOD
003d9ef7   I$$TOFS
003d9f11   L$$DIV
003d9f20   L$$MOD
003da08f   U$$DIV
003da094   U$$MOD
003da09a   U$$TOFS
003d9f2e   UL$$DIV
003d9f35   UL$$MOD
003d8135   _ADCINT_ISR
00007100   _AdcRegs
003d817b   _CAPINT1_ISR
003d8180   _CAPINT2_ISR
003d8185   _CAPINT3_ISR
003d81c1   _CAPINT4_ISR
003d81c6   _CAPINT5_ISR
003d81cb   _CAPINT6_ISR
003d8144   _CMP1INT_ISR
003d8149   _CMP2INT_ISR
003d814e   _CMP3INT_ISR
003d818a   _CMP4INT_ISR
003d818f   _CMP5INT_ISR
003d8194   _CMP6INT_ISR
000080c2   _CheckDac
00008017   _CheckKey
003d9338   _CommPc
003d80ca   _ConfigCpuTimer
0000909e   _CpuTimer0
00000c00   _CpuTimer0Regs
00000ae0   _CsmRegs
003d8108   _DATALOG_ISR
00000880   _DevEmuRegs
003d8291   _DisableDog
003d979f   _DispAuto
003d8a70   _DispAutoVal
003d9854   _DispClose
003d9a57   _DispConf
003d8f4b   _DispData
003d99ae   _DispEnc
003d8bc3   _DispEncVal
003d8d62   _DispFuncVal
003d9ba1   _DispIO
003d8681   _DispKeySts
003d9901   _DispOpen
0000901f   _DispSegment
003d9784   _DoAuto
003d978d   _DoClose
003d9796   _DoOpen
003d81f8   _ECAN0INTA_ISR
003d81fd   _ECAN1INTA_ISR
00006040   _ECanaLAMRegs
000060c0   _ECanaMOTORegs
00006080   _ECanaMOTSRegs
00006100   _ECanaMboxes
00006000   _ECanaRegs
000090aa   _EEP_ERR
003d8202   _EMPTY_ISR
003d8112   _EMUINT_ISR
00008414   _EepRead
00008432   _EepWrite
003d8299   _EnableDog
003d8252   _EnableInterrupts
00007400   _EvaRegs
00007500   _EvbRegs
003d9007   _ExeCmd
00000a80   _FlashRegs
003d8f89   _GetData
000070e0   _GpioDataRegs
000070c0   _GpioMuxRegs
003d811c   _ILLEGAL_ISR
003d80fe   _INT13_ISR
003d8103   _INT14_ISR
003d8f66   _InitCommPc
003d80b3   _InitCpuTimers
003d82d9   _InitDac
003d9b51   _InitDsp
00008000   _InitFlash
003d8211   _InitGpio
003d83fb   _InitIo
003d8465   _InitKey
003d82be   _InitPeripheralClocks
003d8233   _InitPieCtrl
003d825b   _InitPieVectTable
003d82a1   _InitPll
003d827b   _InitSci
003d8f25   _InitSegments
003d827c   _InitSysCtrl
003d8ed3   _InitVal
003d82d8   _InitXIntrupt
003d8a0f   _Int2Ascii
00009028   _KeyDisp
00009032   _KeyState
003d8287   _KickDog
003dad8d   _LCD_out
003dadab   _LCD_out2
003d81da   _MRINTA_ISR
003d81df   _MXINTA_ISR
00009042   _Max7219_Data
00009057   _Max7219_Dot
0000904f   _Max7219_Status
00007800   _McbspaRegs
003d821e   _MemCopy
003d8117   _NMI_ISR
003d82f9   _OutDac
003d8121   _PDPINTA_ISR
003d8126   _PDPINTB_ISR
003d8207   _PIE_RESERVED
00000ce0   _PieCtrlRegs
00000d00   _PieVectTable
003db57c   _PieVectTableInit
003d8405   _ProcessIo
003d846f   _ProcessKey
003d810d   _RTOSINT_ISR
003db474   _RamfuncsLoadEnd
003dafb1   _RamfuncsLoadStart
00008000   _RamfuncsRunStart
0000844f   _ReloadEep
003d9745   _ResetPos
00009071   _RomData
003d81e4   _SCIRXINTA_ISR
003d81ee   _SCIRXINTB_ISR
003d81e9   _SCITXINTA_ISR
003d81f3   _SCITXINTB_ISR
003d81d0   _SPIRXINTA_ISR
003d81d5   _SPITXINTA_ISR
003d8a64   _SciSend
00007050   _SciaRegs
00007750   _ScibRegs
003d9752   _SetAuto
003d975c   _SetClose
003d977a   _SetConf
003d9770   _SetEnc
003d9766   _SetOpen
00007040   _SpiaRegs
00007010   _SysCtrlRegs
003d8158   _T1CINT_ISR
003d8162   _T1OFINT_ISR
003d8153   _T1PINT_ISR
003d815d   _T1UFINT_ISR
003d816c   _T2CINT_ISR
003d8176   _T2OFINT_ISR
003d8167   _T2PINT_ISR
003d8171   _T2UFINT_ISR
003d819e   _T3CINT_ISR
003d81a8   _T3OFINT_ISR
003d8199   _T3PINT_ISR
003d81a3   _T3UFINT_ISR
003d81b2   _T4CINT_ISR
003d81bc   _T4OFINT_ISR
003d81ad   _T4PINT_ISR
003d81b7   _T4UFINT_ISR
003d813a   _TINT0_ISR
003d813f   _WAKEINT_ISR
003d812b   _XINT1_ISR
003d8130   _XINT2_ISR
00007070   _XIntruptRegs
00000b20   _XintfRegs
00000200   __STACK_SIZE
ffffffff   ___binit__
00000000   ___bss__
ffffffff   ___c_args__
003db686   ___cinit__
00000000   ___data__
00000000   ___edata__
00000000   ___end__
003dafb1   ___etext__
003d9f3e   ___memcpy
003d9f5c   ___memcpy_ff
003d9f52   ___memcpy_fn
003d9f48   ___memcpy_nf
ffffffff   ___pinit__
003d8000   ___text__
003d8097   __args_main
000090c4   __cleanup_ptr
000090c2   __dtors_ptr
000090a8   __lock
003da0aa   __log
003d808e   __nop
003d808f   __register_lock
003d8093   __register_unlock
000090a6   __unlock
003d808d   _abort
000092e5   _ad_data
003da218   _adc_isr
003da2db   _asc2hex
003dacbe   _asc_to_hex
003d806c   _atexit
003d8000   _c_int00
003d839c   _clearDisplay
003d9c87   _cos
000083dc   _cpu_timer0_isr
00009141   _debug_cnt
00009148   _debug_rd_addr
0000914a   _debug_rd_addr_tmp
00009140   _debug_state
00009142   _debug_sum
00009143   _debug_sum_temp
00009180   _debug_tx_buf
00009145   _debug_tx_end
00009147   _debug_tx_pos
0000914c   _debug_wr_addr
0000914e   _debug_wr_data
00009146   _debug_wr_size
00009144   _debug_wr_sum_flag
003da70f   _delay_ms
003da701   _delay_us
003da816   _eep_ack
003da7a8   _eep_addr_wr
000090ab   _eep_buf
003da7e0   _eep_data_rd
003da741   _eep_data_stb
003da7c4   _eep_data_wr
003da757   _eep_dev_addr
003da90c   _eep_read_block
003da882   _eep_read_byte
003da71f   _eep_start
003da730   _eep_stop
003da8c6   _eep_write_block
003da846   _eep_write_byte
0000909d   _errno
003d8044   _exit
003da137   _exp
003da1d5   _frexp
00009068   _g_BufRead
00009080   _g_BufWrite
0000902f   _g_IoIn
00009030   _g_IoInF
0000905f   _g_SetData
00009026   _g_bAuto
00009019   _g_bAutoF
00009015   _g_bAutoWinker
00009027   _g_bClose
0000901a   _g_bCloseF
00009014   _g_bCloseWinker
0000901b   _g_bConf
0000901d   _g_bConfF
00009024   _g_bConfWinker
00009011   _g_bDispAuto
00009012   _g_bDispAutoF
0000903c   _g_bDispIoEnable
00009037   _g_bDispIoEnableF
00009023   _g_bEnc
00009018   _g_bEncF
00009017   _g_bEncWinker
0000900b   _g_bInitDone
0000902e   _g_bIoEnable
0000900d   _g_bKeyDown
0000900e   _g_bKeyDownSt
00009025   _g_bOpen
0000901c   _g_bOpenF
00009016   _g_bOpenWinker
00009007   _g_bRun
00009004   _g_bRunF
00009038   _g_cDataIdx
0000900c   _g_cPushedKey
0000902b   _g_cSerialInput
0000903a   _g_cWatchDogComm
00009013   _g_dir
00009000   _g_dutyVoutS
00009008   _g_eCnt
00009001   _g_eCntJudge
00009093   _g_eCntPrev
00009022   _g_eCntPrev2
00009020   _g_eCntPrev3
00009040   _g_lCnt
0000904a   _g_lCntABS
00009048   _g_lCntPrev
00009044   _g_lCntPrev2
0000903e   _g_lDiff
00009021   _g_nAutoWinker
00009003   _g_nCloseWinker
00009010   _g_nConfWinker
0000902a   _g_nData
00009046   _g_nEncDir
00009009   _g_nEncWinker
00009029   _g_nFunc
0000901e   _g_nIdx
00009039   _g_nMode
00009002   _g_nOpenWinker
00009036   _g_nStep
0000900a   _g_nWatchDogKey
0000900f   _g_nWinkDelay
00009005   _g_outV
00009006   _g_outVprev
00009089   _g_pData
0000904c   _g_tCnt
003d83b4   _getDigit
003dace1   _hex2_to_decimal
003da2f4   _hex2asc
003dad06   _hex4_to_decimal
003dacd5   _hex_to_asc
003d8325   _init_Max7219
003da297   _init_adc
003da963   _init_eep
003d89e5   _init_ev
003d89c2   _init_gpio
003daf6d   _init_lcd
003dac7e   _init_sci
0000903b   _io_code
0000902c   _key_code
00009034   _key_count
00009033   _key_func
00009031   _key_manual
00009035   _key_mode
003dae20   _lcd_clear
003dae28   _lcd_clear_line
003dae4e   _lcd_cursor_off
003dae46   _lcd_cursor_on
003daed6   _lcd_decimal_byte
003daf14   _lcd_decimal_int
003daeed   _lcd_decimal_word
003dadf4   _lcd_gotoxy
003dae72   _lcd_hex2
003dae80   _lcd_hex4
003dae9a   _lcd_hex8
003dae56   _lcd_putc
003dae61   _lcd_puts
003da1e8   _ldexp
003d9be4   _main
003d9f3b   _memcpy
003d8343   _out_Max7219
003d9f7c   _pow
0000902d   _prev_key_code
003d820c   _rsvd_ISR
003da6d3   _sci_debug_init
003dab31   _sci_decimal_byte
003daba1   _sci_decimal_int
003dab60   _sci_decimal_word
003dac26   _sci_getc
003daa15   _sci_hex2
003daa4b   _sci_hex4
003daa9f   _sci_hex8
003da9c1   _sci_putc
003da9e7   _sci_puts
00009200   _sci_rx_buf
000091c1   _sci_rx_end
000091c3   _sci_rx_pos
003dac14   _sci_rx_ready
00009280   _sci_tx_buf
000091c0   _sci_tx_end
000091c2   _sci_tx_pos
003dac1d   _sci_tx_ready
003da976   _sci_tx_start
003da67d   _scia_rx_isr
003da658   _scia_tx_isr
003dac61   _scib_rx_isr
003dac3c   _scib_tx_isr
003da98f   _send_char
003da9a7   _send_hex4
003da99b   _send_str
003d83c6   _setDigit
003d8390   _setIntensity
003d8384   _setScanLimit
003d8376   _shutdown
003da000   _sin
003da3d4   _state0_proc
003da500   _state1_proc
003da51e   _state2_proc
003da579   _state3_proc
003da591   _state4_proc
003da5b2   _state5_proc
003da5de   _state6_proc
003da5f7   _state7_proc
003da316   _write_txbuf_asc
003da326   _write_txbuf_byte
003da374   _write_txbuf_long
003da300   _write_txbuf_string
003da342   _write_txbuf_word
ffffffff   binit
003db686   cinit
00000000   edata
00000000   end
003dafb1   etext
ffffffff   pinit


GLOBAL SYMBOLS: SORTED BY Symbol Address 

address    name
--------   ----
00000000   ___bss__
00000000   ___edata__
00000000   ___end__
00000000   ___data__
00000000   .data
00000000   .bss
00000000   edata
00000000   end
00000200   __STACK_SIZE
00000880   _DevEmuRegs
00000a80   _FlashRegs
00000ae0   _CsmRegs
00000b20   _XintfRegs
00000c00   _CpuTimer0Regs
00000ce0   _PieCtrlRegs
00000d00   _PieVectTable
00006000   _ECanaRegs
00006040   _ECanaLAMRegs
00006080   _ECanaMOTSRegs
000060c0   _ECanaMOTORegs
00006100   _ECanaMboxes
00007010   _SysCtrlRegs
00007040   _SpiaRegs
00007050   _SciaRegs
00007070   _XIntruptRegs
000070c0   _GpioMuxRegs
000070e0   _GpioDataRegs
00007100   _AdcRegs
00007400   _EvaRegs
00007500   _EvbRegs
00007750   _ScibRegs
00007800   _McbspaRegs
00008000   _RamfuncsRunStart
00008000   _InitFlash
00008017   _CheckKey
000080c2   _CheckDac
000083dc   _cpu_timer0_isr
00008414   _EepRead
00008432   _EepWrite
0000844f   _ReloadEep
00009000   _g_dutyVoutS
00009001   _g_eCntJudge
00009002   _g_nOpenWinker
00009003   _g_nCloseWinker
00009004   _g_bRunF
00009005   _g_outV
00009006   _g_outVprev
00009007   _g_bRun
00009008   _g_eCnt
00009009   _g_nEncWinker
0000900a   _g_nWatchDogKey
0000900b   _g_bInitDone
0000900c   _g_cPushedKey
0000900d   _g_bKeyDown
0000900e   _g_bKeyDownSt
0000900f   _g_nWinkDelay
00009010   _g_nConfWinker
00009011   _g_bDispAuto
00009012   _g_bDispAutoF
00009013   _g_dir
00009014   _g_bCloseWinker
00009015   _g_bAutoWinker
00009016   _g_bOpenWinker
00009017   _g_bEncWinker
00009018   _g_bEncF
00009019   _g_bAutoF
0000901a   _g_bCloseF
0000901b   _g_bConf
0000901c   _g_bOpenF
0000901d   _g_bConfF
0000901e   _g_nIdx
0000901f   _DispSegment
00009020   _g_eCntPrev3
00009021   _g_nAutoWinker
00009022   _g_eCntPrev2
00009023   _g_bEnc
00009024   _g_bConfWinker
00009025   _g_bOpen
00009026   _g_bAuto
00009027   _g_bClose
00009028   _KeyDisp
00009029   _g_nFunc
0000902a   _g_nData
0000902b   _g_cSerialInput
0000902c   _key_code
0000902d   _prev_key_code
0000902e   _g_bIoEnable
0000902f   _g_IoIn
00009030   _g_IoInF
00009031   _key_manual
00009032   _KeyState
00009033   _key_func
00009034   _key_count
00009035   _key_mode
00009036   _g_nStep
00009037   _g_bDispIoEnableF
00009038   _g_cDataIdx
00009039   _g_nMode
0000903a   _g_cWatchDogComm
0000903b   _io_code
0000903c   _g_bDispIoEnable
0000903e   _g_lDiff
00009040   _g_lCnt
00009042   _Max7219_Data
00009044   _g_lCntPrev2
00009046   _g_nEncDir
00009048   _g_lCntPrev
0000904a   _g_lCntABS
0000904c   _g_tCnt
0000904f   _Max7219_Status
00009057   _Max7219_Dot
0000905f   _g_SetData
00009068   _g_BufRead
00009071   _RomData
00009080   _g_BufWrite
00009089   _g_pData
00009093   _g_eCntPrev
0000909d   _errno
0000909e   _CpuTimer0
000090a6   __unlock
000090a8   __lock
000090aa   _EEP_ERR
000090ab   _eep_buf
000090c2   __dtors_ptr
000090c4   __cleanup_ptr
00009140   _debug_state
00009141   _debug_cnt
00009142   _debug_sum
00009143   _debug_sum_temp
00009144   _debug_wr_sum_flag
00009145   _debug_tx_end
00009146   _debug_wr_size
00009147   _debug_tx_pos
00009148   _debug_rd_addr
0000914a   _debug_rd_addr_tmp
0000914c   _debug_wr_addr
0000914e   _debug_wr_data
00009180   _debug_tx_buf
000091c0   _sci_tx_end
000091c1   _sci_rx_end
000091c2   _sci_tx_pos
000091c3   _sci_rx_pos
00009200   _sci_rx_buf
00009280   _sci_tx_buf
000092e5   _ad_data
003d8000   .text
003d8000   ___text__
003d8000   _c_int00
003d8044   _exit
003d806a   C$$EXIT
003d806c   _atexit
003d808d   _abort
003d808e   __nop
003d808f   __register_lock
003d8093   __register_unlock
003d8097   __args_main
003d80b3   _InitCpuTimers
003d80ca   _ConfigCpuTimer
003d80fe   _INT13_ISR
003d8103   _INT14_ISR
003d8108   _DATALOG_ISR
003d810d   _RTOSINT_ISR
003d8112   _EMUINT_ISR
003d8117   _NMI_ISR
003d811c   _ILLEGAL_ISR
003d8121   _PDPINTA_ISR
003d8126   _PDPINTB_ISR
003d812b   _XINT1_ISR
003d8130   _XINT2_ISR
003d8135   _ADCINT_ISR
003d813a   _TINT0_ISR
003d813f   _WAKEINT_ISR
003d8144   _CMP1INT_ISR
003d8149   _CMP2INT_ISR
003d814e   _CMP3INT_ISR
003d8153   _T1PINT_ISR
003d8158   _T1CINT_ISR
003d815d   _T1UFINT_ISR
003d8162   _T1OFINT_ISR
003d8167   _T2PINT_ISR
003d816c   _T2CINT_ISR
003d8171   _T2UFINT_ISR
003d8176   _T2OFINT_ISR
003d817b   _CAPINT1_ISR
003d8180   _CAPINT2_ISR
003d8185   _CAPINT3_ISR
003d818a   _CMP4INT_ISR
003d818f   _CMP5INT_ISR
003d8194   _CMP6INT_ISR
003d8199   _T3PINT_ISR
003d819e   _T3CINT_ISR
003d81a3   _T3UFINT_ISR
003d81a8   _T3OFINT_ISR
003d81ad   _T4PINT_ISR
003d81b2   _T4CINT_ISR
003d81b7   _T4UFINT_ISR
003d81bc   _T4OFINT_ISR
003d81c1   _CAPINT4_ISR
003d81c6   _CAPINT5_ISR
003d81cb   _CAPINT6_ISR
003d81d0   _SPIRXINTA_ISR
003d81d5   _SPITXINTA_ISR
003d81da   _MRINTA_ISR
003d81df   _MXINTA_ISR
003d81e4   _SCIRXINTA_ISR
003d81e9   _SCITXINTA_ISR
003d81ee   _SCIRXINTB_ISR
003d81f3   _SCITXINTB_ISR
003d81f8   _ECAN0INTA_ISR
003d81fd   _ECAN1INTA_ISR
003d8202   _EMPTY_ISR
003d8207   _PIE_RESERVED
003d820c   _rsvd_ISR
003d8211   _InitGpio
003d821e   _MemCopy
003d8233   _InitPieCtrl
003d8252   _EnableInterrupts
003d825b   _InitPieVectTable
003d827b   _InitSci
003d827c   _InitSysCtrl
003d8287   _KickDog
003d8291   _DisableDog
003d8299   _EnableDog
003d82a1   _InitPll
003d82be   _InitPeripheralClocks
003d82d8   _InitXIntrupt
003d82d9   _InitDac
003d82f9   _OutDac
003d8325   _init_Max7219
003d8343   _out_Max7219
003d8376   _shutdown
003d8384   _setScanLimit
003d8390   _setIntensity
003d839c   _clearDisplay
003d83b4   _getDigit
003d83c6   _setDigit
003d83fb   _InitIo
003d8405   _ProcessIo
003d8465   _InitKey
003d846f   _ProcessKey
003d8681   _DispKeySts
003d89c2   _init_gpio
003d89e5   _init_ev
003d8a0f   _Int2Ascii
003d8a64   _SciSend
003d8a70   _DispAutoVal
003d8bc3   _DispEncVal
003d8d62   _DispFuncVal
003d8ed3   _InitVal
003d8f25   _InitSegments
003d8f4b   _DispData
003d8f66   _InitCommPc
003d8f89   _GetData
003d9007   _ExeCmd
003d9338   _CommPc
003d9745   _ResetPos
003d9752   _SetAuto
003d975c   _SetClose
003d9766   _SetOpen
003d9770   _SetEnc
003d977a   _SetConf
003d9784   _DoAuto
003d978d   _DoClose
003d9796   _DoOpen
003d979f   _DispAuto
003d9854   _DispClose
003d9901   _DispOpen
003d99ae   _DispEnc
003d9a57   _DispConf
003d9b51   _InitDsp
003d9ba1   _DispIO
003d9be4   _main
003d9c87   _cos
003d9d16   FS$$SUB
003d9d1b   FS$$ADD
003d9d8e   FS$$CMP
003d9da5   FS$$DIV
003d9e28   FS$$MPY
003d9e82   FS$$NEG
003d9e87   FS$$TOI
003d9eac   FS$$TOL
003d9ed5   I$$DIV
003d9ee6   I$$MOD
003d9ef7   I$$TOFS
003d9f11   L$$DIV
003d9f20   L$$MOD
003d9f2e   UL$$DIV
003d9f35   UL$$MOD
003d9f3b   _memcpy
003d9f3e   ___memcpy
003d9f48   ___memcpy_nf
003d9f52   ___memcpy_fn
003d9f5c   ___memcpy_ff
003d9f7c   _pow
003da000   _sin
003da08f   U$$DIV
003da094   U$$MOD
003da09a   U$$TOFS
003da0aa   __log
003da137   _exp
003da1d5   _frexp
003da1e8   _ldexp
003da218   _adc_isr
003da297   _init_adc
003da2db   _asc2hex
003da2f4   _hex2asc
003da300   _write_txbuf_string
003da316   _write_txbuf_asc
003da326   _write_txbuf_byte
003da342   _write_txbuf_word
003da374   _write_txbuf_long
003da3d4   _state0_proc
003da500   _state1_proc
003da51e   _state2_proc
003da579   _state3_proc
003da591   _state4_proc
003da5b2   _state5_proc
003da5de   _state6_proc
003da5f7   _state7_proc
003da658   _scia_tx_isr
003da67d   _scia_rx_isr
003da6d3   _sci_debug_init
003da701   _delay_us
003da70f   _delay_ms
003da71f   _eep_start
003da730   _eep_stop
003da741   _eep_data_stb
003da757   _eep_dev_addr
003da7a8   _eep_addr_wr
003da7c4   _eep_data_wr
003da7e0   _eep_data_rd
003da816   _eep_ack
003da846   _eep_write_byte
003da882   _eep_read_byte
003da8c6   _eep_write_block
003da90c   _eep_read_block
003da963   _init_eep
003da976   _sci_tx_start
003da98f   _send_char
003da99b   _send_str
003da9a7   _send_hex4
003da9c1   _sci_putc
003da9e7   _sci_puts
003daa15   _sci_hex2
003daa4b   _sci_hex4
003daa9f   _sci_hex8
003dab31   _sci_decimal_byte
003dab60   _sci_decimal_word
003daba1   _sci_decimal_int
003dac14   _sci_rx_ready
003dac1d   _sci_tx_ready
003dac26   _sci_getc
003dac3c   _scib_tx_isr
003dac61   _scib_rx_isr
003dac7e   _init_sci
003dacbe   _asc_to_hex
003dacd5   _hex_to_asc
003dace1   _hex2_to_decimal
003dad06   _hex4_to_decimal
003dad8d   _LCD_out
003dadab   _LCD_out2
003dadf4   _lcd_gotoxy
003dae20   _lcd_clear
003dae28   _lcd_clear_line
003dae46   _lcd_cursor_on
003dae4e   _lcd_cursor_off
003dae56   _lcd_putc
003dae61   _lcd_puts
003dae72   _lcd_hex2
003dae80   _lcd_hex4
003dae9a   _lcd_hex8
003daed6   _lcd_decimal_byte
003daeed   _lcd_decimal_word
003daf14   _lcd_decimal_int
003daf6d   _init_lcd
003dafb1   etext
003dafb1   _RamfuncsLoadStart
003dafb1   ___etext__
003db474   _RamfuncsLoadEnd
003db57c   _PieVectTableInit
003db686   cinit
003db686   ___cinit__
ffffffff   pinit
ffffffff   ___c_args__
ffffffff   ___pinit__
ffffffff   binit
ffffffff   ___binit__

[387 symbols]
